日志文件: exec_20260722_160125.log
轨迹 SHA-256: ac5c6fd7715c81fbfa2f2fc4c9eca1f676b5a3232dff99761a02c7b4812e4968
轨迹复验 PASS: 133 路点, 4 夹爪事件, pick_sdk=[452.95, 254.82, 456.16], place_sdk=[552.95, 174.82, 456.16]
运动模式: 段内近目标交接(实验)
worlds JSON: 关闭
armOpenCom: 0

当前关节: [10.0, 10.0, -0.0, -15.0, -0.0, 0.0, 0.04]
起始路点(#1): [10.0, 10.0, 0.0, -15.0, 0.0, -0.0, 0.0]   最大差 0.0°

ENABLE_REAL_MOTION = True
  [夹爪2] open  hex=eb 90 02 03 11 f4 01 0b
    起始路点#1 到位: 最大误差 0.042° (阈值 0.800°, j7, 已停稳)

段落 [HOME->READY]
  [2/133] HOME->READY (连续交接) -> [9.53, 13.01, 0.89, -16.47, -5.37, -0.37, 1.35]
    #2 交接: 最大误差 1.030° (阈值 1.500°, j5, 运动中)
  [3/133] HOME->READY (连续交接) -> [8.9, 16.19, 1.8, -18.08, -10.82, -0.77, 2.69]
    #3 交接: 最大误差 0.935° (阈值 1.500°, j5, 运动中)
  [4/133] HOME->READY (连续交接) -> [7.61, 19.78, 2.94, -20.1, -16.25, -1.28, 4.05]
    #4 交接: 最大误差 1.107° (阈值 1.500°, j5, 运动中)
  [5/133] HOME->READY (连续交接) -> [4.35, 24.6, 4.71, -23.39, -21.66, -2.11, 5.46]
    #5 交接: 最大误差 0.842° (阈值 1.500°, j2, 运动中)
  [6/133] HOME->READY (连续交接) -> [1.1, 29.41, 6.48, -26.68, -27.07, -2.95, 6.86]
    #6 交接: 最大误差 1.320° (阈值 1.500°, j2, 运动中)
  [7/133] HOME->READY (连续交接) -> [-2.16, 34.23, 8.25, -29.97, -32.48, -3.78, 8.27]
    #7 交接: 最大误差 0.979° (阈值 1.500°, j2, 运动中)
  [8/133] HOME->READY (连续交接) -> [-5.41, 39.05, 10.03, -33.26, -37.88, -4.62, 9.67]
    #8 交接: 最大误差 1.014° (阈值 1.500°, j2, 运动中)
  [9/133] HOME->READY (连续交接) -> [-9.97, 43.61, 13.1, -37.04, -43.28, -5.76, 11.71]
    #9 交接: 最大误差 1.122° (阈值 1.500°, j5, 运动中)
  [10/133] HOME->READY (连续交接) -> [-14.96, 48.1, 16.62, -40.97, -48.67, -7.01, 13.96]
    #10 交接: 最大误差 1.369° (阈值 1.500°, j1, 运动中)
  [11/133] HOME->READY (停稳) -> [-19.96, 52.58, 20.13, -44.91, -54.07, -8.26, 16.21]
    #11 到位: 最大误差 0.013° (阈值 0.800°, j7, 已停稳)
  [12/133] HOME->READY (连续交接) -> [-25.28, 53.36, 25.58, -47.76, -56.92, -9.68, 19.22]
    #12 交接: 最大误差 1.483° (阈值 1.500°, j1, 运动中)
  [13/133] HOME->READY (连续交接) -> [-29.77, 52.97, 30.6, -49.81, -58.57, -10.89, 21.92]
    #13 交接: 最大误差 1.495° (阈值 1.500°, j3, 运动中)
  [14/133] HOME->READY (连续交接) -> [-34.26, 52.59, 35.63, -51.85, -60.22, -12.11, 24.62]
    #14 交接: 最大误差 0.998° (阈值 1.500°, j3, 运动中)
  [15/133] HOME->READY (连续交接) -> [-38.74, 52.21, 40.65, -53.9, -61.88, -13.32, 27.32]
    #15 交接: 最大误差 1.022° (阈值 1.500°, j3, 运动中)
  [16/133] HOME->READY (连续交接) -> [-43.23, 51.83, 45.68, -55.95, -63.53, -14.54, 30.02]
    #16 交接: 最大误差 1.100° (阈值 1.500°, j3, 运动中)
  [17/133] HOME->READY (连续交接) -> [-47.72, 51.44, 50.7, -57.99, -65.18, -15.75, 32.72]
    #17 交接: 最大误差 1.142° (阈值 1.500°, j3, 运动中)
  [18/133] HOME->READY (连续交接) -> [-52.21, 51.06, 55.73, -60.04, -66.84, -16.96, 35.42]
    #18 交接: 最大误差 1.259° (阈值 1.500°, j3, 运动中)
  [19/133] HOME->READY (连续交接) -> [-56.69, 50.68, 60.76, -62.09, -68.49, -18.18, 38.11]
    #19 交接: 最大误差 1.281° (阈值 1.500°, j3, 运动中)
  [20/133] HOME->READY (连续交接) -> [-61.18, 50.3, 65.78, -64.13, -70.15, -19.39, 40.81]
    #20 交接: 最大误差 1.374° (阈值 1.500°, j3, 运动中)
  [21/133] HOME->READY (连续交接) -> [-65.63, 49.93, 70.79, -66.18, -71.85, -20.6, 43.51]
    #21 交接: 最大误差 1.387° (阈值 1.500°, j3, 运动中)
  [22/133] HOME->READY (连续交接) -> [-70.47, 49.55, 76.24, -68.42, -73.74, -21.92, 46.44]
    #22 交接: 最大误差 1.118° (阈值 1.500°, j3, 运动中)
  [23/133] HOME->READY (连续交接) -> [-75.3, 49.17, 81.69, -70.65, -75.63, -23.24, 49.38]
    #23 交接: 最大误差 1.184° (阈值 1.500°, j3, 运动中)
  [24/133] HOME->READY (连续交接) -> [-80.14, 48.78, 87.13, -72.88, -77.51, -24.55, 52.32]
    #24 交接: 最大误差 1.256° (阈值 1.500°, j3, 运动中)
  [25/133] HOME->READY (连续交接) -> [-84.97, 48.4, 92.58, -75.12, -79.4, -25.87, 55.26]
    #25 交接: 最大误差 0.807° (阈值 1.500°, j3, 运动中)
  [26/133] HOME->READY (连续交接) -> [-89.81, 48.02, 98.03, -77.35, -81.29, -27.19, 58.19]
    #26 交接: 最大误差 1.427° (阈值 1.500°, j3, 运动中)
  [27/133] HOME->READY (连续交接) -> [-94.64, 47.63, 103.48, -79.58, -83.18, -28.51, 61.13]
    #27 交接: 最大误差 0.936° (阈值 1.500°, j3, 运动中)
  [28/133] HOME->READY (连续交接) -> [-99.47, 47.25, 108.93, -81.82, -85.07, -29.82, 64.07]
    #28 交接: 最大误差 1.445° (阈值 1.500°, j3, 运动中)
  [29/133] HOME->READY (连续交接) -> [-104.25, 47.13, 114.38, -84.2, -87.46, -31.16, 67.04]
    #29 交接: 最大误差 0.988° (阈值 1.500°, j3, 运动中)
  [30/133] HOME->READY (连续交接) -> [-108.34, 48.21, 119.39, -87.08, -91.98, -32.49, 69.94]
    #30 交接: 最大误差 1.030° (阈值 1.500°, j3, 运动中)
  [31/133] HOME->READY (停稳) -> [-109.82, 48.6, 121.21, -88.13, -93.62, -32.98, 71.0]
    #31 到位: 最大误差 0.027° (阈值 0.800°, j7, 已停稳)

段落 [READY->PICK1_HOVER]
  [32/133] READY->PICK1_HOVER (连续交接) -> [-109.05, 49.67, 121.88, -93.44, -91.04, -30.59, 69.54]
    #32 交接: 最大误差 0.999° (阈值 1.500°, j4, 运动中)
  [33/133] READY->PICK1_HOVER (连续交接) -> [-108.29, 50.74, 122.56, -98.75, -88.46, -28.2, 68.07]
    #33 交接: 最大误差 0.856° (阈值 1.500°, j4, 运动中)
  [34/133] READY->PICK1_HOVER (停稳) -> [-107.62, 51.66, 123.14, -103.35, -86.22, -26.13, 66.8]
    #34 到位: 最大误差 0.082° (阈值 0.800°, j7, 已停稳)

段落 [PICK1_DESCEND]
  [35/133] PICK1_DESCEND (连续交接) -> [-102.47, 49.77, 124.56, -101.27, -81.97, -23.33, 62.0]
    #35 交接: 最大误差 1.111° (阈值 1.500°, j1, 运动中)
  [36/133] PICK1_DESCEND (连续交接) -> [-97.13, 47.43, 125.77, -98.27, -78.27, -20.43, 57.17]
    #36 交接: 最大误差 1.105° (阈值 1.500°, j1, 运动中)
  [37/133] PICK1_DESCEND (连续交接) -> [-92.11, 44.87, 126.69, -94.64, -75.6, -18.03, 52.94]
    #37 交接: 最大误差 0.988° (阈值 1.500°, j1, 运动中)
  [38/133] PICK1_DESCEND (连续交接) -> [-87.03, 41.99, 127.4, -90.19, -73.57, -16.0, 48.92]
    #38 交接: 最大误差 1.080° (阈值 1.500°, j1, 运动中)
  [39/133] PICK1_DESCEND (停稳) -> [-82.73, 39.36, 127.81, -85.82, -72.35, -14.67, 45.72]
    #39 到位: 最大误差 0.056° (阈值 0.800°, j7, 已停稳)
  [夹爪2] close  hex=eb 90 02 05 10 f4 01 e8 03 f7 (speed=500, force=1000)

段落 [PICK1_ASCEND]
  [40/133] PICK1_ASCEND (连续交接) -> [-82.73, 39.36, 127.81, -85.82, -72.35, -14.67, 45.72]
    #40 交接: 最大误差 0.054° (阈值 0.800°, j7, 运动中)
  [41/133] PICK1_ASCEND (连续交接) -> [-87.88, 42.49, 127.29, -90.97, -73.88, -16.32, 49.58]
    #41 交接: 最大误差 1.140° (阈值 1.500°, j1, 运动中)
  [42/133] PICK1_ASCEND (连续交接) -> [-92.95, 45.32, 126.55, -95.3, -75.99, -18.4, 53.63]
    #42 交接: 最大误差 1.163° (阈值 1.500°, j1, 运动中)
  [43/133] PICK1_ASCEND (连续交接) -> [-97.96, 47.82, 125.6, -98.8, -78.78, -20.86, 57.9]
    #43 交接: 最大误差 1.177° (阈值 1.500°, j1, 运动中)
  [44/133] PICK1_ASCEND (连续交接) -> [-103.28, 50.09, 124.35, -101.65, -82.6, -23.79, 62.76]
    #44 交接: 最大误差 1.412° (阈值 1.500°, j1, 运动中)
  [45/133] PICK1_ASCEND (停稳) -> [-107.62, 51.66, 123.14, -103.35, -86.22, -26.13, 66.8]
    #45 到位: 最大误差 0.032° (阈值 0.800°, j7, 已停稳)

段落 [PICK1_HOVER->PLACE1_HOVER]
  [46/133] PICK1_HOVER->PLACE1_HOVER (连续交接) -> [-106.86, 46.42, 121.83, -104.46, -86.04, -25.97, 66.21]
    #46 交接: 最大误差 1.099° (阈值 1.500°, j2, 运动中)
  [47/133] PICK1_HOVER->PLACE1_HOVER (连续交接) -> [-106.1, 41.17, 120.52, -105.58, -85.87, -25.81, 65.61]
    #47 交接: 最大误差 0.996° (阈值 1.500°, j2, 运动中)
  [48/133] PICK1_HOVER->PLACE1_HOVER (停稳) -> [-105.69, 38.35, 119.82, -106.18, -85.77, -25.72, 65.28]
    #48 到位: 最大误差 0.092° (阈值 0.800°, j7, 已停稳)

段落 [PLACE1_DESCEND]
  [49/133] PLACE1_DESCEND (连续交接) -> [-100.4, 36.48, 121.68, -103.9, -81.04, -22.63, 61.41]
    #49 交接: 最大误差 1.202° (阈值 1.500°, j1, 运动中)
  [50/133] PLACE1_DESCEND (连续交接) -> [-95.37, 34.5, 123.26, -100.97, -77.02, -19.69, 57.74]
    #50 交接: 最大误差 1.491° (阈值 1.500°, j1, 运动中)
  [51/133] PLACE1_DESCEND (连续交接) -> [-90.3, 32.19, 124.64, -97.1, -73.76, -17.07, 54.22]
    #51 交接: 最大误差 1.018° (阈值 1.500°, j1, 运动中)
  [52/133] PLACE1_DESCEND (连续交接) -> [-85.17, 29.62, 125.79, -92.36, -71.18, -14.87, 50.81]
    #52 交接: 最大误差 1.115° (阈值 1.500°, j1, 运动中)
  [53/133] PLACE1_DESCEND (停稳) -> [-82.58, 28.24, 126.27, -89.66, -70.13, -13.94, 49.15]
    #53 到位: 最大误差 0.061° (阈值 0.800°, j7, 已停稳)

段落 [PLACE1]
  [夹爪2] open  hex=eb 90 02 03 11 f4 01 0b

段落 [PLACE1_SETTLE]
  [54/133] PLACE1_SETTLE (停稳) -> [-82.58, 28.24, 126.27, -89.66, -70.13, -13.94, 49.15]
    #54 到位: 最大误差 0.059° (阈值 0.800°, j7, 已停稳)

段落 [PLACE1_ASCEND]
  [55/133] PLACE1_ASCEND (连续交接) -> [-87.74, 30.93, 125.24, -94.84, -72.39, -15.92, 52.5]
    #55 交接: 最大误差 1.116° (阈值 1.500°, j1, 运动中)
  [56/133] PLACE1_ASCEND (连续交接) -> [-92.84, 33.38, 123.97, -99.15, -75.3, -18.34, 55.96]
    #56 交接: 最大误差 0.997° (阈值 1.500°, j1, 运动中)
  [57/133] PLACE1_ASCEND (连续交接) -> [-97.89, 35.53, 122.49, -102.54, -78.94, -21.13, 59.55]
    #57 交接: 最大误差 1.036° (阈值 1.500°, j1, 运动中)
  [58/133] PLACE1_ASCEND (连续交接) -> [-103.3, 37.52, 120.7, -105.24, -83.64, -24.38, 63.58]
    #58 交接: 最大误差 1.303° (阈值 1.500°, j1, 运动中)
  [59/133] PLACE1_ASCEND (停稳) -> [-105.69, 38.35, 119.82, -106.18, -85.77, -25.72, 65.28]
    #59 到位: 最大误差 0.034° (阈值 0.800°, j7, 已停稳)

段落 [PLACE1_HOVER->PICK2_HOVER]
  [60/133] PLACE1_HOVER->PICK2_HOVER (连续交接) -> [-105.13, 38.62, 120.17, -101.02, -86.88, -26.69, 65.37]
    #60 交接: 最大误差 1.271° (阈值 1.500°, j4, 运动中)
  [61/133] PLACE1_HOVER->PICK2_HOVER (连续交接) -> [-104.57, 38.9, 120.52, -95.87, -87.99, -27.66, 65.45]
    #61 交接: 最大误差 0.976° (阈值 1.500°, j4, 运动中)
  [62/133] PLACE1_HOVER->PICK2_HOVER (连续交接) -> [-104.01, 39.17, 120.88, -90.71, -89.1, -28.62, 65.53]
    #62 交接: 最大误差 1.086° (阈值 1.500°, j4, 运动中)
  [63/133] PLACE1_HOVER->PICK2_HOVER (连续交接) -> [-103.45, 39.45, 121.23, -85.55, -90.21, -29.59, 65.62]
    #63 交接: 最大误差 1.182° (阈值 1.500°, j4, 运动中)
  [64/133] PLACE1_HOVER->PICK2_HOVER (连续交接) -> [-102.89, 39.72, 121.58, -80.39, -91.32, -30.56, 65.7]
    #64 交接: 最大误差 0.715° (阈值 1.500°, j4, 运动中)
  [65/133] PLACE1_HOVER->PICK2_HOVER (连续交接) -> [-102.33, 40.0, 121.94, -75.24, -92.43, -31.53, 65.78]
    #65 交接: 最大误差 1.308° (阈值 1.500°, j4, 运动中)
  [66/133] PLACE1_HOVER->PICK2_HOVER (连续交接) -> [-101.77, 40.27, 122.29, -70.08, -93.54, -32.49, 65.86]
    #66 交接: 最大误差 1.421° (阈值 1.500°, j4, 运动中)
  [67/133] PLACE1_HOVER->PICK2_HOVER (停稳) -> [-101.49, 40.41, 122.47, -67.5, -94.09, -32.98, 65.91]
    #67 到位: 最大误差 0.079° (阈值 0.800°, j7, 已停稳)

段落 [PICK2_DESCEND]
  [68/133] PICK2_DESCEND (连续交接) -> [-96.19, 37.96, 123.15, -63.5, -93.12, -31.99, 62.18]
    #68 交接: 最大误差 1.267° (阈值 1.500°, j1, 运动中)
  [69/133] PICK2_DESCEND (连续交接) -> [-90.81, 35.53, 123.75, -59.57, -91.34, -30.02, 57.5]
    #69 交接: 最大误差 1.238° (阈值 1.500°, j1, 运动中)
  [70/133] PICK2_DESCEND (连续交接) -> [-85.53, 32.72, 124.15, -54.69, -90.18, -28.67, 53.35]
    #70 交接: 最大误差 1.287° (阈值 1.500°, j1, 运动中)
  [71/133] PICK2_DESCEND (连续交接) -> [-80.93, 29.93, 124.35, -49.55, -89.58, -28.14, 50.14]
    #71 交接: 最大误差 1.067° (阈值 1.500°, j4, 运动中)
  [72/133] PICK2_DESCEND (停稳) -> [-77.16, 27.41, 124.43, -44.71, -89.28, -28.17, 47.73]
    #72 到位: 最大误差 0.042° (阈值 0.800°, j7, 已停稳)
  [夹爪2] close  hex=eb 90 02 05 10 f4 01 e8 03 f7 (speed=500, force=1000)

段落 [PICK2_ASCEND]
  [73/133] PICK2_ASCEND (连续交接) -> [-77.16, 27.41, 124.43, -44.71, -89.28, -28.17, 47.73]
    #73 交接: 最大误差 0.041° (阈值 0.800°, j7, 运动中)
  [74/133] PICK2_ASCEND (连续交接) -> [-81.3, 30.17, 124.34, -50.0, -89.62, -28.15, 50.39]
    #74 交接: 最大误差 1.326° (阈值 1.500°, j4, 运动中)
  [75/133] PICK2_ASCEND (连续交接) -> [-85.95, 32.97, 124.13, -55.14, -90.24, -28.74, 53.66]
    #75 交接: 最大误差 1.378° (阈值 1.500°, j4, 运动中)
  [76/133] PICK2_ASCEND (连续交接) -> [-91.2, 35.72, 123.71, -59.89, -91.45, -30.15, 57.83]
    #76 交接: 最大误差 1.139° (阈值 1.500°, j1, 运动中)
  [77/133] PICK2_ASCEND (连续交接) -> [-96.57, 38.12, 123.1, -63.75, -93.25, -32.12, 62.5]
    #77 交接: 最大误差 1.204° (阈值 1.500°, j1, 运动中)
  [78/133] PICK2_ASCEND (停稳) -> [-101.49, 40.41, 122.47, -67.5, -94.09, -32.98, 65.91]
    #78 到位: 最大误差 0.039° (阈值 0.800°, j7, 已停稳)

段落 [PICK2_HOVER->PLACE2_HOVER]
  [79/133] PICK2_HOVER->PLACE2_HOVER (连续交接) -> [-100.17, 35.38, 119.12, -70.98, -92.09, -32.98, 66.6]
    #79 交接: 最大误差 1.120° (阈值 1.500°, j2, 运动中)
  [80/133] PICK2_HOVER->PLACE2_HOVER (连续交接) -> [-98.85, 30.34, 115.76, -74.45, -90.09, -32.98, 67.3]
    #80 交接: 最大误差 0.989° (阈值 1.500°, j2, 运动中)
  [81/133] PICK2_HOVER->PLACE2_HOVER (停稳) -> [-98.39, 28.57, 114.58, -75.68, -89.38, -32.98, 67.55]
    #81 到位: 最大误差 0.031° (阈值 0.800°, j7, 已停稳)

段落 [PLACE2_DESCEND]
  [82/133] PLACE2_DESCEND (连续交接) -> [-93.05, 26.11, 115.96, -71.85, -86.86, -31.22, 63.94]
    #82 交接: 最大误差 0.957° (阈值 1.500°, j1, 运动中)
  [83/133] PLACE2_DESCEND (连续交接) -> [-87.87, 23.81, 117.14, -67.87, -83.78, -28.62, 59.61]
    #83 交接: 最大误差 1.370° (阈值 1.500°, j1, 运动中)
  [84/133] PLACE2_DESCEND (连续交接) -> [-82.85, 21.15, 118.1, -62.88, -81.56, -26.64, 55.75]
    #84 交接: 最大误差 1.356° (阈值 1.500°, j1, 运动中)
  [85/133] PLACE2_DESCEND (连续交接) -> [-78.61, 18.58, 118.75, -57.76, -80.2, -25.51, 52.75]
    #85 交接: 最大误差 0.077° (阈值 1.500°, j7, 已停稳)
  [86/133] PLACE2_DESCEND (停稳) -> [-77.57, 17.91, 118.89, -56.42, -79.92, -25.3, 52.04]
    #86 到位: 最大误差 0.068° (阈值 0.800°, j7, 已停稳)

段落 [PLACE2]
  [夹爪2] open  hex=eb 90 02 03 11 f4 01 0b

段落 [PLACE2_SETTLE]
  [87/133] PLACE2_SETTLE (停稳) -> [-77.57, 17.91, 118.89, -56.42, -79.92, -25.3, 52.04]
    #87 到位: 最大误差 0.047° (阈值 0.800°, j7, 已停稳)

段落 [PLACE2_ASCEND]
  [88/133] PLACE2_ASCEND (连续交接) -> [-81.66, 20.47, 118.3, -61.55, -81.12, -26.26, 54.88]
    #88 交接: 最大误差 0.979° (阈值 1.500°, j4, 运动中)
  [89/133] PLACE2_ASCEND (连续交接) -> [-86.73, 23.25, 117.38, -66.83, -83.21, -28.12, 58.71]
    #89 交接: 最大误差 1.132° (阈值 1.500°, j1, 运动中)
  [90/133] PLACE2_ASCEND (连续交接) -> [-92.14, 25.73, 116.18, -71.22, -86.27, -30.74, 63.16]
    #90 交接: 最大误差 1.306° (阈值 1.500°, j1, 运动中)
  [91/133] PLACE2_ASCEND (停稳) -> [-97.51, 28.08, 114.82, -74.97, -89.22, -32.91, 67.17]
    #91 到位: 最大误差 0.086° (阈值 0.800°, j7, 已停稳)
  [92/133] PLACE2_ASCEND (停稳) -> [-98.39, 28.57, 114.58, -75.68, -89.38, -32.98, 67.55]
    #92 到位: 最大误差 0.044° (阈值 0.800°, j7, 已停稳)

段落 [PLACE2_HOVER->READY]
  [93/133] PLACE2_HOVER->READY (连续交接) -> [-101.34, 33.74, 116.29, -78.89, -90.47, -32.98, 68.44]
    #93 交接: 最大误差 1.160° (阈值 1.500°, j2, 运动中)
  [94/133] PLACE2_HOVER->READY (连续交接) -> [-104.29, 38.91, 118.0, -82.1, -91.57, -32.98, 69.33]
    #94 交接: 最大误差 1.015° (阈值 1.500°, j2, 运动中)
  [95/133] PLACE2_HOVER->READY (连续交接) -> [-107.24, 44.08, 119.71, -85.32, -92.66, -32.98, 70.22]
    #95 交接: 最大误差 1.056° (阈值 1.500°, j2, 运动中)
  [96/133] PLACE2_HOVER->READY (停稳) -> [-109.82, 48.6, 121.21, -88.13, -93.62, -32.98, 71.0]
    #96 到位: 最大误差 0.032° (阈值 0.800°, j7, 已停稳)
  [97/133] READY->HOME (连续交接) -> [-107.22, 48.61, 117.65, -87.86, -88.53, -32.03, 67.61]
    #97 交接: 最大误差 0.980° (阈值 1.500°, j5, 运动中)
  [98/133] READY->HOME (连续交接) -> [-103.05, 48.19, 112.63, -86.85, -86.12, -31.17, 65.02]
    #98 交接: 最大误差 0.971° (阈值 1.500°, j3, 运动中)
  [99/133] READY->HOME (连续交接) -> [-98.87, 47.77, 107.6, -85.83, -83.7, -30.32, 62.42]
    #99 交接: 最大误差 0.829° (阈值 1.500°, j3, 运动中)
  [100/133] READY->HOME (连续交接) -> [-94.69, 47.35, 102.57, -84.81, -81.28, -29.46, 59.83]
    #100 交接: 最大误差 1.167° (阈值 1.500°, j3, 运动中)
  [101/133] READY->HOME (连续交接) -> [-90.51, 46.93, 97.54, -83.8, -78.86, -28.61, 57.23]
    #101 交接: 最大误差 1.210° (阈值 1.500°, j3, 运动中)
  [102/133] READY->HOME (连续交接) -> [-86.33, 46.51, 92.52, -82.78, -76.44, -27.75, 54.64]
    #102 交接: 最大误差 1.235° (阈值 1.500°, j3, 运动中)
  [103/133] READY->HOME (连续交接) -> [-82.16, 46.09, 87.49, -81.76, -74.02, -26.9, 52.04]
    #103 交接: 最大误差 1.327° (阈值 1.500°, j3, 运动中)
  [104/133] READY->HOME (连续交接) -> [-77.98, 45.67, 82.46, -80.75, -71.6, -26.04, 49.44]
    #104 交接: 最大误差 1.377° (阈值 1.500°, j3, 运动中)
  [105/133] READY->HOME (连续交接) -> [-73.8, 45.25, 77.43, -79.73, -69.19, -25.19, 46.85]
    #105 交接: 最大误差 1.426° (阈值 1.500°, j3, 运动中)
  [106/133] READY->HOME (连续交接) -> [-69.62, 44.83, 72.41, -78.71, -66.77, -24.33, 44.25]
    #106 交接: 最大误差 0.915° (阈值 1.500°, j3, 运动中)
  [107/133] READY->HOME (连续交接) -> [-65.44, 44.42, 67.38, -77.7, -64.35, -23.48, 41.66]
    #107 交接: 最大误差 0.995° (阈值 1.500°, j3, 运动中)
  [108/133] READY->HOME (连续交接) -> [-61.27, 44.0, 62.35, -76.68, -61.93, -22.62, 39.06]
    #108 交接: 最大误差 1.056° (阈值 1.500°, j3, 运动中)
  [109/133] READY->HOME (连续交接) -> [-57.09, 43.58, 57.32, -75.67, -59.51, -21.77, 36.47]
    #109 交接: 最大误差 1.145° (阈值 1.500°, j3, 运动中)
  [110/133] READY->HOME (连续交接) -> [-52.91, 43.16, 52.3, -74.65, -57.09, -20.91, 33.87]
    #110 交接: 最大误差 1.211° (阈值 1.500°, j3, 运动中)
  [111/133] READY->HOME (连续交接) -> [-48.73, 42.74, 47.27, -73.63, -54.68, -20.06, 31.27]
    #111 交接: 最大误差 1.259° (阈值 1.500°, j3, 运动中)
  [112/133] READY->HOME (连续交接) -> [-44.55, 42.32, 42.24, -72.62, -52.26, -19.2, 28.68]
    #112 交接: 最大误差 1.328° (阈值 1.500°, j3, 运动中)
  [113/133] READY->HOME (连续交接) -> [-40.38, 41.9, 37.21, -71.6, -49.84, -18.35, 26.08]
    #113 交接: 最大误差 1.421° (阈值 1.500°, j3, 运动中)
  [114/133] READY->HOME (连续交接) -> [-36.2, 41.48, 32.19, -70.58, -47.42, -17.49, 23.49]
    #114 交接: 最大误差 0.935° (阈值 1.500°, j3, 运动中)
  [115/133] READY->HOME (连续交接) -> [-32.02, 41.06, 27.16, -69.57, -45.0, -16.64, 20.89]
    #115 交接: 最大误差 0.993° (阈值 1.500°, j3, 运动中)
  [116/133] READY->HOME (连续交接) -> [-27.84, 40.64, 22.13, -68.55, -42.58, -15.78, 18.3]
    #116 交接: 最大误差 1.057° (阈值 1.500°, j3, 运动中)
  [117/133] READY->HOME (连续交接) -> [-23.66, 40.22, 17.1, -67.53, -40.16, -14.93, 15.7]
    #117 交接: 最大误差 1.080° (阈值 1.500°, j3, 运动中)
  [118/133] READY->HOME (连续交接) -> [-19.49, 39.8, 12.08, -66.52, -37.75, -14.07, 13.1]
    #118 交接: 最大误差 1.140° (阈值 1.500°, j3, 运动中)
  [119/133] READY->HOME (连续交接) -> [-15.31, 39.38, 7.05, -65.5, -35.33, -13.22, 10.51]
    #119 交接: 最大误差 1.187° (阈值 1.500°, j3, 运动中)
  [120/133] READY->HOME (连续交接) -> [-11.13, 38.97, 2.02, -64.48, -32.91, -12.36, 7.91]
    #120 交接: 最大误差 1.277° (阈值 1.500°, j3, 运动中)
  [121/133] READY->HOME (连续交接) -> [-6.95, 38.55, -3.01, -63.47, -30.49, -11.51, 5.32]
    #121 交接: 最大误差 1.473° (阈值 1.500°, j3, 运动中)
  [122/133] READY->HOME (连续交接) -> [-2.61, 37.73, -8.03, -62.04, -28.81, -10.73, 3.13]
    #122 交接: 最大误差 0.962° (阈值 1.500°, j3, 运动中)
  [123/133] READY->HOME (停稳) -> [1.74, 36.92, -13.06, -60.62, -27.14, -9.94, 0.94]
    #123 到位: 最大误差 0.180° (阈值 0.800°, j7, 已停稳)
  [124/133] READY->HOME (停稳) -> [6.76, 33.69, -17.58, -56.1, -25.74, -9.13, -0.35]
    #124 到位: 最大误差 0.148° (阈值 0.800°, j7, 已停稳)
  [125/133] READY->HOME (连续交接) -> [10.15, 29.62, -19.55, -50.67, -25.24, -8.65, -0.2]
    #125 交接: 最大误差 1.408° (阈值 1.500°, j4, 运动中)
  [126/133] READY->HOME (停稳) -> [13.53, 25.56, -21.53, -45.25, -24.74, -8.18, -0.05]
    #126 到位: 最大误差 0.025° (阈值 0.800°, j7, 已停稳)
  [127/133] READY->HOME (停稳) -> [13.73, 21.86, -19.13, -39.85, -23.53, -7.65, 1.13]
    #127 到位: 最大误差 0.009° (阈值 0.800°, j7, 已停稳)
  [128/133] READY->HOME (连续交接) -> [13.02, 18.97, -15.19, -34.39, -19.4, -6.28, 1.33]
    #128 交接: 最大误差 1.353° (阈值 1.500°, j4, 运动中)
  [129/133] READY->HOME (连续交接) -> [12.18, 16.55, -11.22, -29.37, -14.74, -4.77, 1.18]
    #129 交接: 最大误差 1.092° (阈值 1.500°, j4, 运动中)
  [130/133] READY->HOME (连续交接) -> [11.34, 14.13, -7.25, -24.35, -10.08, -3.26, 1.04]
    #130 交接: 最大误差 0.655° (阈值 1.500°, j4, 运动中)
  [131/133] READY->HOME (连续交接) -> [10.5, 11.71, -3.28, -19.33, -5.43, -1.75, 0.89]
    #131 交接: 最大误差 1.200° (阈值 1.500°, j4, 运动中)
  [132/133] READY->HOME (停稳) -> [10.0, 10.03, -0.12, -15.19, -0.41, -0.13, 0.13]
    #132 到位: 最大误差 0.063° (阈值 0.800°, j7, 已停稳)
  [133/133] READY->HOME (停稳) -> [10.0, 10.0, 0.0, -15.0, 0.0, 0.0, 0.0]
    #133 到位: 最大误差 0.045° (阈值 0.800°, j7, 已停稳)

✅ 轨迹执行完成: 133/133 个路点已执行, 零跳点。

日志已保存: exec_20260722_160125.log
提醒: 请确认 ENABLE_REAL_MOTION 已恢复为 False。
