日志文件: exec_20260713_145454.log
轨迹复验 PASS: 99 路点, 2 夹爪事件, pick_sdk=[492.95, 294.82, 406.16], place_sdk=[492.95, 154.82, 406.16]
armOpenCom: 0

当前关节: [-97.31, 49.28, 120.69, -89.41, -82.59, -26.29, 62.27]
起始路点(#1): [10.0, 10.0, 0.0, -15.0, 0.0, -0.0, 0.0]   最大差 120.7°

ENABLE_REAL_MOTION = True
  [夹爪2] open  hex=eb 90 02 03 11 f4 01 0b
    起始路点#1 到位: 最大误差 0.119° (j1)
  [1/99] HOME -> [10.0, 10.0, 0.0, -15.0, 0.0, -0.0, 0.0]
    #1 到位: 最大误差 0.047° (j7)
  [2/99] HOME->READY -> [9.25, 15.29, -4.42, -19.38, 4.51, -0.57, 2.5]
    #2 到位: 最大误差 0.131° (j7)
  [3/99] HOME->READY -> [8.31, 20.58, -8.59, -23.82, 8.77, -1.17, 5.0]
    #3 到位: 最大误差 0.172° (j2)
  [4/99] HOME->READY -> [6.38, 25.87, -11.51, -28.56, 11.79, -1.96, 7.54]
    #4 到位: 最大误差 0.163° (j2)
  [5/99] HOME->READY -> [3.14, 30.78, -12.33, -33.63, 13.03, -3.08, 10.62]
    #5 到位: 最大误差 0.107° (j2)
  [6/99] HOME->READY -> [-1.42, 35.33, -11.06, -39.04, 12.49, -4.53, 14.24]
    #6 到位: 最大误差 0.107° (j4)
  [7/99] HOME->READY -> [-5.76, 35.97, -6.05, -41.51, 8.44, -5.71, 16.6]
    #7 到位: 最大误差 0.102° (j7)
  [8/99] HOME->READY -> [-10.09, 36.61, -1.04, -43.97, 4.39, -6.9, 18.95]
    #8 到位: 最大误差 0.041° (j1)
  [9/99] HOME->READY -> [-14.42, 37.25, 3.96, -46.44, 0.34, -8.08, 21.31]
    #9 到位: 最大误差 0.041° (j3)
  [10/99] HOME->READY -> [-18.76, 37.89, 8.97, -48.91, -3.71, -9.27, 23.66]
    #10 到位: 最大误差 0.087° (j7)
  [11/99] HOME->READY -> [-23.09, 38.53, 13.97, -51.37, -7.77, -10.45, 26.02]
    #11 到位: 最大误差 0.054° (j7)
  [12/99] HOME->READY -> [-27.43, 39.17, 18.98, -53.84, -11.82, -11.64, 28.37]
    #12 到位: 最大误差 0.034° (j1)
  [13/99] HOME->READY -> [-31.76, 39.81, 23.99, -56.31, -15.87, -12.82, 30.73]
    #13 到位: 最大误差 0.071° (j7)
  [14/99] HOME->READY -> [-36.1, 40.45, 28.99, -58.77, -19.92, -14.01, 33.08]
    #14 到位: 最大误差 0.795° (j3)
  [15/99] HOME->READY -> [-40.43, 41.09, 34.0, -61.24, -23.97, -15.2, 35.43]
    #15 到位: 最大误差 0.042° (j1)
  [16/99] HOME->READY -> [-44.7, 41.65, 39.01, -63.62, -28.03, -16.36, 37.75]
    #16 到位: 最大误差 0.057° (j7)
  [17/99] HOME->READY -> [-48.67, 41.81, 44.05, -65.61, -32.11, -17.44, 39.88]
    #17 到位: 最大误差 0.704° (j3)
  [18/99] HOME->READY -> [-52.65, 41.98, 49.08, -67.6, -36.19, -18.53, 42.02]
    #18 到位: 最大误差 0.056° (j7)
  [19/99] HOME->READY -> [-56.62, 42.14, 54.12, -69.59, -40.27, -19.61, 44.16]
    #19 到位: 最大误差 0.731° (j3)
  [20/99] HOME->READY -> [-60.6, 42.31, 59.15, -71.58, -44.35, -20.69, 46.29]
    #20 到位: 最大误差 0.050° (j3)
  [21/99] HOME->READY -> [-64.57, 42.47, 64.19, -73.58, -48.44, -21.77, 48.43]
    #21 到位: 最大误差 0.747° (j3)
  [22/99] HOME->READY -> [-68.55, 42.64, 69.23, -75.57, -52.52, -22.85, 50.57]
    #22 到位: 最大误差 0.055° (j7)
  [23/99] HOME->READY -> [-72.52, 42.8, 74.26, -77.56, -56.6, -23.94, 52.7]
    #23 到位: 最大误差 0.659° (j3)
  [24/99] HOME->READY -> [-76.5, 42.97, 79.3, -79.55, -60.68, -25.02, 54.84]
    #24 到位: 最大误差 0.060° (j7)
  [25/99] HOME->READY -> [-80.47, 43.13, 84.33, -81.54, -64.76, -26.1, 56.97]
    #25 到位: 最大误差 0.753° (j3)
  [26/99] HOME->READY -> [-84.44, 43.3, 89.37, -83.53, -68.84, -27.18, 59.11]
    #26 到位: 最大误差 0.059° (j7)
  [27/99] HOME->READY -> [-88.42, 43.46, 94.4, -85.52, -72.92, -28.26, 61.25]
    #27 到位: 最大误差 0.798° (j3)
  [28/99] HOME->READY -> [-92.39, 43.63, 99.44, -87.51, -77.0, -29.35, 63.38]
    #28 到位: 最大误差 0.061° (j7)
  [29/99] HOME->READY -> [-96.37, 43.79, 104.48, -89.5, -81.08, -30.43, 65.52]
    #29 到位: 最大误差 0.792° (j3)
  [30/99] HOME->READY -> [-100.34, 43.96, 109.51, -91.49, -85.16, -31.51, 67.65]
    #30 到位: 最大误差 0.069° (j7)
  [31/99] HOME->READY -> [-104.63, 44.36, 114.74, -93.94, -89.19, -32.75, 70.4]
    #31 到位: 最大误差 0.062° (j7)
  [32/99] HOME->READY -> [-105.32, 44.51, 115.53, -94.44, -89.72, -32.98, 71.0]
    #32 到位: 最大误差 0.691° (j3)
  [33/99] READY->PICK_HOVER -> [-100.52, 47.37, 118.62, -91.42, -85.44, -28.97, 65.8]
    #33 到位: 最大误差 0.148° (j7)
  [34/99] READY->PICK_HOVER -> [-97.31, 49.28, 120.69, -89.41, -82.59, -26.29, 62.33]
    #34 到位: 最大误差 0.477° (j7)
  [35/99] PICK_DESCEND -> [-92.27, 46.96, 121.66, -86.19, -79.75, -23.72, 57.46]
    #35 到位: 最大误差 0.119° (j7)
  [36/99] PICK_DESCEND -> [-87.1, 44.09, 122.46, -81.93, -77.59, -21.45, 52.83]
    #36 到位: 最大误差 0.202° (j7)
  [37/99] PICK_DESCEND -> [-81.79, 40.75, 123.02, -76.6, -76.12, -19.7, 48.45]
    #37 到位: 最大误差 0.121° (j7)
  [38/99] PICK_DESCEND -> [-77.18, 37.58, 123.32, -71.2, -75.35, -18.69, 44.93]
    #38 到位: 最大误差 0.101° (j7)
  [39/99] PICK_DESCEND -> [-73.18, 34.62, 123.44, -65.88, -74.99, -18.27, 42.07]
    #39 到位: 最大误差 0.783° (j4)
  [40/99] PICK_DESCEND -> [-72.87, 34.39, 123.44, -65.46, -74.97, -18.25, 41.85]
    #40 到位: 最大误差 0.349° (j4)
  [夹爪2] close  hex=eb 90 02 05 10 f4 01 64 00 70
  [41/99] PICK_ASCEND -> [-72.87, 34.39, 123.44, -65.46, -74.97, -18.25, 41.85]
    #41 到位: 最大误差 0.090° (j7)
  [42/99] PICK_ASCEND -> [-76.87, 37.36, 123.33, -70.8, -75.31, -18.65, 44.7]
    #42 到位: 最大误差 0.799° (j4)
  [43/99] PICK_ASCEND -> [-81.38, 40.48, 123.06, -76.15, -76.03, -19.58, 48.12]
    #43 到位: 最大误差 0.098° (j7)
  [44/99] PICK_ASCEND -> [-86.29, 43.6, 122.56, -81.17, -77.33, -21.15, 52.14]
    #44 到位: 最大误差 0.124° (j7)
  [45/99] PICK_ASCEND -> [-91.49, 46.55, 121.8, -85.62, -79.36, -23.34, 56.72]
    #45 到位: 最大误差 0.162° (j7)
  [46/99] PICK_ASCEND -> [-96.55, 48.97, 120.84, -88.98, -82.13, -25.89, 61.57]
    #46 到位: 最大误差 0.167° (j7)
  [47/99] PICK_ASCEND -> [-97.31, 49.28, 120.69, -89.41, -82.59, -26.29, 62.33]
    #47 到位: 最大误差 0.721° (j7)

已中止。机器人停在当前位置, 请人工确认状态。
续跑方式: python3 execute_trajectory.py traj_latest.json <路点号>
worlds 记录已保存: worlds_record_20260713_145454.json (47 条)

日志已保存: exec_20260713_145454.log
提醒: 请确认 ENABLE_REAL_MOTION 已恢复为 False。
