WebSocketServerImpl successful!!
WebSocketServer successful!!
[INFO] PilotSDK: PilotSDK initialized with host: 192.168.8.147
[INFO] PilotSDK: Starting PilotSDK...
[INFO] WebSocketServer: Auto-selected WebSocket port: 8294
[INFO] WebSocketServer: WebSocket server started on 0.0.0.0:8294
[INFO] PilotSDK: Initializing ZMQ subscribers...
[ERROR] PilotSDK: Failed to load ZMQ config from: config/interconnection_config.json, using default config
[INFO] PilotSDK: Using default ZMQ port configuration
[INFO] PilotSDK: ZMQ subscribers initialized successfully
[INFO] PilotSDK: PilotSDK started successfully
ip192.168.8.147:8001
response 0, msg: success
 data: {"name":"hc-phc-arm32","token":"<REDACTED>","alarm":0,"curmold":"Mold0_0","software":{"version":"1.9.64.1-main.aarch64.ES2A.3439708","plugins":[{"name":"HC Motion Adapter","version":"1.0.83.1.9.64.b0baa13"}]},"molds":[{"name":"Mold0_0","namemap":"Mold0"}],"busyProgram":0,"svo_on":true} 
登陆成功
[INFO] PilotSDK: Stopping PilotSDK...
WebSocket server stop successful!!
[INFO] WebSocketServer: WebSocket server stopped
[INFO] PilotSDK: PilotSDK stopped
All ZMQ subscribers stopped
zmq_manager_ size:  0
All ZMQ subscribers stopped
~WebSocketServer successful!!
WebSocket server stop successful!!
~WebSocketServerImpl successful!!
✓ 预加载库: libssl.so
✓ 预加载库: libcrypto.so
✓ 预加载库: libyouizmq.so
✓ 预加载库 (LOCAL): libxoip.so
======================================================================
armInitData 状态同步诊断
时间: 16:09:09.994
robot=192.168.8.147
local=192.168.8.185
arm=192.168.8.147:8080
======================================================================
[16:09:09.994] sdk.start()
[16:09:09.995] sdk.start -> True
[16:09:10.996] soft_stop -> (0, 'CLOSE')

[16:09:10.996] >>> 调用 armInitData
[16:09:11.626] <<< armInitData 返回: code=0, 耗时=0.630s

开始轮询，仅仅读状态，不发送 enable 命令
----------------------------------------------------------------------
[16:09:11.626] t=+ 0.00s  #00  link=(0, True)  enable=(0, False)  servo=(0, False)
[16:09:12.127] t=+ 0.50s  #01  link=(0, True)  enable=(0, False)  servo=(0, False)
[16:09:12.628] t=+ 1.00s  #02  link=(0, True)  enable=(0, False)  servo=(0, False)
[16:09:13.129] t=+ 1.50s  #03  link=(0, True)  enable=(0, False)  servo=(0, False)
[16:09:13.630] t=+ 2.00s  #04  link=(0, True)  enable=(0, False)  servo=(0, False)
[16:09:14.131] t=+ 2.50s  #05  link=(0, True)  enable=(0, False)  servo=(0, False)
[16:09:14.632] t=+ 3.01s  #06  link=(0, True)  enable=(0, False)  servo=(0, False)
[16:09:15.132] t=+ 3.51s  #07  link=(0, True)  enable=(0, False)  servo=(0, False)
[16:09:15.634] t=+ 4.01s  #08  link=(0, True)  enable=(0, False)  servo=(0, False)
[16:09:16.135] t=+ 4.51s  #09  link=(0, True)  enable=(0, False)  servo=(0, False)
[16:09:16.636] t=+ 5.01s  #10  link=(0, True)  enable=(0, False)  servo=(0, False)
[16:09:17.136] t=+ 5.51s  #11  link=(0, True)  enable=(0, False)  servo=(0, False)
[16:09:17.637] t=+ 6.01s  #12  link=(0, True)  enable=(0, False)  servo=(0, False)
[16:09:18.138] t=+ 6.51s  #13  link=(0, True)  enable=(0, False)  servo=(0, False)
[16:09:18.638] t=+ 7.01s  #14  link=(0, True)  enable=(0, False)  servo=(0, False)
[16:09:19.139] t=+ 7.51s  #15  link=(0, True)  enable=(0, False)  servo=(0, False)
[16:09:19.640] t=+ 8.01s  #16  link=(0, True)  enable=(0, False)  servo=(0, False)
[16:09:20.140] t=+ 8.51s  #17  link=(0, True)  enable=(0, False)  servo=(0, False)
[16:09:20.641] t=+ 9.01s  #18  link=(0, True)  enable=(0, False)  servo=(0, False)
[16:09:21.142] t=+ 9.52s  #19  link=(0, True)  enable=(0, False)  servo=(0, False)
----------------------------------------------------------------------
[16:09:21.642] 诊断结束
[16:09:21.643] sdk.stop()
